<?xml version="1.0" encoding="UTF-8"?>
<testsuites name="jest tests" tests="4" failures="0" errors="0" time="0.88">
  <testsuite name="Spaced repetition" errors="0" failures="0" skipped="0" timestamp="2025-08-25T18:16:42" time="0.25" tests="3">
    <testcase classname="Spaced repetition low quality resets repetitions" name="Spaced repetition low quality resets repetitions" time="0.002">
    </testcase>
    <testcase classname="Spaced repetition high quality increases interval" name="Spaced repetition high quality increases interval" time="0">
    </testcase>
    <testcase classname="Spaced repetition initCard creates new card" name="Spaced repetition initCard creates new card" time="0.001">
    </testcase>
  </testsuite>
  <testsuite name="Parser" errors="0" failures="0" skipped="0" timestamp="2025-08-25T18:16:42" time="0.063" tests="1">
    <testcase classname="Parser parses sample syllabus" name="Parser parses sample syllabus" time="0">
    </testcase>
  </testsuite>
</testsuites>